/private/tmp/glm53f/probe/concept_probes.py:113: UserWarning: Converting a tensor with requires_grad=True to a scalar may lead to unexpected behavior.
Consider using tensor.detach() first. (Triggered internally at /Users/runner/work/pytorch/pytorch/pytorch/torch/csrc/autograd/generated/python_variable_methods.cpp:836.)
  print(f"     与手写 RMSNorm 最大差 = {float((ref(a)-rmsnorm(a)).abs().max()):.3e}")
==============================================================================
探针 A：Sinkhorn-Knott 与双随机矩阵
==============================================================================
[A1] 初始正矩阵 M0 =
tensor([[3.0000, 1.0000, 0.5000],
        [0.2000, 4.0000, 1.0000],
        [1.0000, 0.3000, 5.0000]])
  迭代 1: 行和 = [1.0, 1.0, 1.0], 列和 = [1.002536, 1.035057, 0.962407]
  迭代 2: 行和 = [0.9999999403953552, 1.0, 1.0], 列和 = [0.999287, 1.015714, 0.984999]
  迭代 3: 行和 = [1.0, 0.9999999403953552, 0.9999999403953552], 列和 = [0.999035, 1.006974, 0.993991]
  迭代 4: 行和 = [1.0, 1.0, 1.0], 列和 = [0.99934, 1.003085, 0.997575]
  迭代 5: 行和 = [1.0, 1.0, 1.0], 列和 = [0.999624, 1.001364, 0.999012]
  迭代 20: 行和最大偏差 0.000e+00, 列和最大偏差 0.000e+00
  全部元素非负: True

[A2] 双随机×双随机: 乘积行和 [1.0, 1.0, 1.0], 列和 [1.0, 1.0, 1.0]
     偏差量级 0.0e+00（浮点舍入级别）

[A3] Sinkhorn 结果的最大奇异值 = 1.000000  ≤ 1: True
     三个双随机矩阵连乘的最大奇异值 = 1.000000

[A4] 构造示例：无约束随机矩阵链 vs 双随机矩阵链的行和增长
     每层 H_res 从 N(0,1) 采样（4x4），链 24 层，看复合矩阵行和：
     无约束链 24 层: 复合矩阵行和绝对值最大 = 1.095e+06
     双随机链 24 层: 复合矩阵行和 = [1.000000238418579, 1.000000238418579, 1.000000238418579, 1.000000238418579]
     注：随机矩阵乘积的幅度随层数指数变化，量级不稳定；双随机链的行和恒为 1

[A5] 1x1 双随机矩阵（行和=列和=1 的非负数）只能是 [1]，即恒等映射
==============================================================================
探针 B：RMSNorm vs LayerNorm
==============================================================================
[B1] a = [1.0, 2.0, 3.0, 4.0]
     LayerNorm: mu=2.5000, sigma=1.1180, 输出 = [-1.341641, -0.447214, 0.447214, 1.341641]
     RMSNorm:   RMS=2.7386, 输出 = [0.365148, 0.730297, 1.095445, 1.460593]

[B2] 零均值向量 [1.0, -1.0, 3.0, -3.0]: LayerNorm 与 RMSNorm 最大差 = 0.000e+00
[B3] torch.nn.RMSNorm 输出 = [0.365148, 0.730297, 1.095445, 1.460593]
     与手写 RMSNorm 最大差 = 1.192e-07

[B4] GLM 式（fp32+eps=1e-5）输出 = [0.365148, 0.730296, 1.095444, 1.460593]
     与论文公式（无 eps）差 = 9.537e-07
     论文 v1 公式不含 eps；实现普遍加 eps 保证除零安全

[B5] n=4096 时：LayerNorm 比 RMSNorm 多的标量运算 ≈ 3n = 12288 次（求均值 n 加法 + 方差 n 减法 + 归一化 n 减法）
==============================================================================
探针 C：深度可分离卷积
==============================================================================
[C1] 因果 depthwise conv1d（kernel=4）: 输入 [1.0, 2.0, 3.0, 4.0, 5.0]
     手算 t=3（0 起）: 1*1 + 2*0.5 + 3*(-0.5) + 4*(-1) = -3.5
     torch 输出 = [-3.5, -3.5, 2.5, 6.5, 5.0]

[C2] groups=2: 通道 0（核 [1,1]）输出 [3.0, 5.0, 7.0, 4.0], 通道 1（核 [0,1]）输出 [20.0, 30.0, 40.0, 0.0]
     通道 1 的核不碰通道 0 的数据——逐通道独立

[C3] D_K=3, M=64, N=64, D_F=16:
     标准卷积: 9,437,184 次乘加
     深度可分离: 1,196,032 次（depthwise 147,456 + pointwise 1,048,576）
     比值 = 0.126736 = 1/N + 1/D_K^2 = 0.126736
     缩减倍数 = 7.9x
==============================================================================
探针 D：E4M3 与块量化
==============================================================================
[D1] torch float8_e4m3fn: max=448.0, min(负)=-448.0, tiny(最小正正规数)=1.562e-02
     2^-6 = 1.562e-02, 2^-9 = 1.953e-03
     448 = 1.75 * 2^8 = 448.0

[D2] 位模式 0.1111.110: 指数域=15, 偏置 7, 尾数=6/8
     值 = (-1)^0 × 2^15-7 × (1+6/8) = 448.0

[D3] 4x4 块量化（scale = 448/max_abs = 448/6.000 = 74.6667）:
     反量化绝对误差: max=0.142857, mean=0.029085
     相对误差(max): 4.632%
     注：0.001 与 6.0 同块，小值几乎丢失——块内动态范围是块量化的精度边界
[D4] 权重 (2048, 4096) → scale (16, 32) = ceil(2048/128)×ceil(4096/128)
[D4] 权重 (16384, 1536) → scale (128, 12) = ceil(16384/128)×ceil(1536/128)
[D4] 权重 (12288, 4096) → scale (96, 32) = ceil(12288/128)×ceil(4096/128)

[D5] FP8 权重 1 字节/参数；块 scale 每块 4 字节(fp32)
     2048x4096 块：权重 8,388,608 B + scale 2048 B → 平均 1.000244 B/参数
     scale 的存储开销随块大小增大而摊薄；GLM 实测全模型平均 1.022 B/参数
