第 1 层混合矩阵（Sinkhorn 20 步后）:
[[0.3445 0.2714 0.1482 0.2358]
 [0.1777 0.2613 0.1879 0.3731]
 [0.182  0.3654 0.3206 0.132 ]
 [0.2958 0.1019 0.3433 0.2591]]
行和: [1. 1. 1. 1.]
列和: [1. 1. 1. 1.]
最小元素: 0.1019

层  0   第 1 行 = [1. 0. 0. 0.]  max|P-1/n| = 0.7500
层  1   第 1 行 = [0.3445 0.2714 0.1482 0.2358]   max|P-1/n| = 0.1481
层  2   第 1 行 = [0.2614 0.2498 0.2231 0.2657]   max|P-1/n| = 0.0319
层  3   第 1 行 = [0.2488 0.2495 0.2539 0.2478]   max|P-1/n| = 0.0048
层  4   第 1 行 = [0.2505 0.25   0.249  0.2505]   max|P-1/n| = 0.0010
层  5   第 1 行 = [0.2499 0.25   0.25   0.25  ]   max|P-1/n| = 0.0001
层  6   第 1 行 = [0.25 0.25 0.25 0.25]   max|P-1/n| = 0.0000
层  7   第 1 行 = [0.25 0.25 0.25 0.25]   max|P-1/n| = 0.0000
层  8   第 1 行 = [0.25 0.25 0.25 0.25]   max|P-1/n| = 0.0000
层  9   第 1 行 = [0.25 0.25 0.25 0.25]   max|P-1/n| = 0.0000
层 10   第 1 行 = [0.25 0.25 0.25 0.25]   max|P-1/n| = 0.0000
层 11   第 1 行 = [0.25 0.25 0.25 0.25]   max|P-1/n| = 0.0000
层 12   第 1 行 = [0.25 0.25 0.25 0.25]   max|P-1/n| = 0.0000
