入口 4 条流:
[[ 1.  -0.5]
 [ 1.  -0.5]
 [ 1.  -0.5]
 [ 1.  -0.5]]

子块 1（注意力位置）
  读门 [0.250001 0.250001 0.250001 0.250001]  写门 [1.000001 1.000001 1.000001 1.000001]  读门之和 1.000004
  合并输入 y = [ 1.000004 -0.500002]  归一化输入 = [ 1.264901 -0.63245 ]
  子层输出 z = [ 1.011921 -0.12649 ]
  出口 4 条流（流间最大差 0.0e+00）:
[[ 2.011922 -0.62649 ]
 [ 2.011922 -0.62649 ]
 [ 2.011922 -0.62649 ]
 [ 2.011922 -0.62649 ]]

子块 2（MLP 位置）
  读门 [0.250001 0.250001 0.250001 0.250001]  写门 [1.000001 1.000001 1.000001 1.000001]  读门之和 1.000004
  合并输入 y = [ 2.01193  -0.626493]  归一化输入 = [ 1.350262 -0.420457]
  子层输出 z = [ 0.59104  -1.113366]
  出口 4 条流（流间最大差 0.0e+00）:
[[ 2.602962 -1.739857]
 [ 2.602962 -1.739857]
 [ 2.602962 -1.739857]
 [ 2.602962 -1.739857]]

head 读门 [0.250001 0.250001 0.250001 0.250001]  合并输出 [ 2.602972 -1.739864]

标准 Pre-Norm 残差结果: [ 2.60296  -1.739856]
两者之差的最大分量: 1.21e-05

第二幕：读门 [0.55 0.2  0.1  0.15]  写门 [1.8 0.6 1.2 0.3]
合并输入 y2 = [ 0.9975 -0.502 ] （读门偏向流 1，y2 最接近流 1 的值）
子层输出 z2 = [ 1.012247 -0.129618]
子块前 4 条流:
[[ 1.   -0.5 ]
 [ 0.9  -0.55]
 [ 1.1  -0.45]
 [ 1.05 -0.48]]
子块后 4 条流:
[[ 2.822044 -0.733312]
 [ 1.507348 -0.627771]
 [ 2.314696 -0.605541]
 [ 1.353674 -0.518885]]
流间每维极差（前）: [0.2 0.1]
流间每维极差（后）: [1.4684 0.2144]
