== BF16: 1380
     78  model.layers.N.self_attn.o_proj.weight
     78  model.layers.N.self_attn.linear_gate.weight
     78  model.layers.N.self_attn.q_a_proj.weight
     78  model.layers.N.self_attn.kv_b_proj.weight
     78  model.layers.N.self_attn.kv_a_proj_with_mqa.weight
     78  model.layers.N.input_layernorm.weight
     78  model.layers.N.post_attention_layernorm.weight
     78  model.layers.N.self_attn.q_b_proj.weight
     78  model.layers.N.self_attn.kv_a_layernorm.weight
     78  model.layers.N.self_attn.q_a_layernorm.weight
     77  model.layers.N.mlp.experts.down_proj
     77  model.layers.N.mlp.experts.gate_up_proj
== F32: 626
     78  model.layers.N.hc_attn_layer.hc_pre.hc_fn
     78  model.layers.N.hc_mlp_layer.hc_pre.hc_fn
     78  model.layers.N.hc_mlp_layer.hc_pre.hc_scale
     78  model.layers.N.hc_attn_layer.hc_pre.hc_scale
     78  model.layers.N.self_attn.learnable_sink_param
     78  model.layers.N.hc_mlp_layer.hc_pre.hc_base
     78  model.layers.N.hc_attn_layer.hc_pre.hc_base
     77  model.layers.N.mlp.gate.e_score_correction_bias
      1  model.hc_head.hc_head_fn
      1  model.hc_head.hc_head_scale
      1  model.hc_head.hc_head_base
