
model.layers.0.self_attn.learnable_sink_param  shape=[64]
  first 12: ['1.96231', '2.28374', '0.71028', '1.207', '0.798457', '0.753812', '0.672901', '0.713662', '0.993912', '-4.94727', '-6.54071', '-1.07711']
  n=64 min=-6.54071 max=3.17504 mean=0.383627 median=0.829601
  note: 源码 init=0.0

model.layers.40.self_attn.learnable_sink_param  shape=[64]
  first 12: ['0.747166', '1.42003', '0.056183', '-0.0517435', '0.603304', '-0.183581', '-1.61584', '0.982466', '1.70188', '1.48799', '0.803005', '1.67361']
  n=64 min=-1.61584 max=2.19607 mean=0.665607 median=0.680782
  note: 中间层对照

model.layers.77.self_attn.learnable_sink_param  shape=[64]
  first 12: ['-0.178361', '0.173522', '-0.0813754', '-0.0230673', '-0.640768', '0.838926', '-0.06161', '-1.19308', '-0.11072', '-0.328881', '0.266452', '-0.134778']
  n=64 min=-1.19308 max=0.938018 mean=-0.0221814 median=-0.0311463
  note: 最后一层对照

model.layers.1.mlp.gate.e_score_correction_bias  shape=[256]
  first 12: ['-0.0267306', '0.0162695', '-0.00373032', '-0.00573054', '0.00726955', '0.00526957', '0.00326958', '0.00126966', '0.00626968', '-0.00273044', '0.0112697', '-0.0067304']
  n=256 min=-0.0967305 max=0.0322695 mean=4.06051e-08 median=0.00126962
  note: 源码 init=0

model.layers.40.mlp.gate.e_score_correction_bias  shape=[256]
  first 12: ['0.00539828', '0.0123982', '0.00539855', '0.0113987', '0.00939834', '-0.00560161', '-0.0586021', '-0.0226018', '0.0023987', '0.0153982', '-0.0366022', '-0.000601501']
  n=256 min=-0.0986 max=0.0213981 mean=2.39879e-10 median=0.00739838
  note: 中间层对照

model.layers.77.mlp.gate.e_score_correction_bias  shape=[256]
  first 12: ['0.00239856', '0.00439841', '0.00739849', '-0.00360142', '0.0113985', '-0.000601521', '0.0213987', '0.00439855', '0.00339868', '-0.00160129', '0.0223983', '0.0173984']
  n=256 min=-0.0965994 max=0.0253987 mean=-1.31452e-08 median=0.00639839
  note: 最后一层对照

model.layers.0.hc_attn_layer.hc_pre.hc_base  shape=[8]
  first 12: ['-0.885859', '-0.879348', '-0.717816', '-0.910283', '-1.51829', '-1.41798', '-1.39792', '-0.485583']
  note: 源码 init: 前4=-log3=-1.0986, 后4=0

model.layers.0.hc_attn_layer.hc_pre.hc_scale  shape=[2]
  first 12: ['0.250325', '0.00584243']
  note: 源码 init=0.01

model.layers.0.hc_mlp_layer.hc_pre.hc_base  shape=[8]
  first 12: ['-1.37029', '-2.92767', '-1.64216', '-1.35699', '-0.27977', '-0.209769', '-0.314781', '0.0113941']
  note: 同上

model.layers.0.hc_mlp_layer.hc_pre.hc_scale  shape=[2]
  first 12: ['0.0128599', '0.00995492']
  note: 同上

model.layers.40.hc_attn_layer.hc_pre.hc_base  shape=[8]
  first 12: ['-1.40756', '-1.50953', '-0.410041', '-1.45464', '0.0844158', '-0.596516', '0.0452869', '-0.1664']
  note: 中间层对照

model.layers.40.hc_attn_layer.hc_pre.hc_scale  shape=[2]
  first 12: ['0.0431497', '0.0349154']
  note: 中间层对照

model.layers.77.hc_attn_layer.hc_pre.hc_base  shape=[8]
  first 12: ['-0.79553', '-1.28587', '-1.32661', '-1.47076', '0.0124325', '0.00303546', '0.0121881', '0.207876']
  note: 最后一层对照

model.layers.77.hc_attn_layer.hc_pre.hc_scale  shape=[2]
  first 12: ['0.257715', '0.184252']
  note: 最后一层对照

model.hc_head.hc_head_base  shape=[4]
  first 12: ['-1.14409', '-1.15121', '-1.21238', '-0.971609']
  note: 源码 init: 全部=-log3

model.hc_head.hc_head_scale  shape=[1]
  first 12: ['0.105345']
  note: 源码 init=0.01

model.layers.0.self_attn.indexer.k_norm.weight  shape=[128]
  first 12: ['1.01562', '1.09375', '1.0625', '1.03125', '1.07031', '1.07031', '1.04688', '1.08594', '1.04688', '1.07031', '1.10938', '1.09375']
  n=128 min=0.964844 max=1.14062 mean=1.06137 median=1.07031
  note: LayerNorm gamma

model.layers.0.self_attn.indexer.k_norm.bias  shape=[128]
  first 12: ['-0.078125', '0.0473633', '-0.0351562', '0.0639648', '0.0932617', '-0.0913086', '-0.0629883', '-0.0668945', '0.050293', '0.0805664', '0.0917969', '-0.0810547']
  n=128 min=-0.137695 max=0.155273 mean=-0.00226474 median=0.00202942
  note: LayerNorm beta

model.mtp_layers.0.self_attn.learnable_sink_param  shape=[64]
  first 12: ['0.507812', '1.26562', '0.628906', '1.08594', '0.578125', '2.92188', '-0.050293', '1.41406', '1.79688', '0.742188', '1.03125', '0.785156']
  n=64 min=-2.375 max=2.92188 mean=0.950081 median=0.869141
  note: MTP BF16；主干为 F32

model.mtp_layers.0.mlp.gate.e_score_correction_bias  shape=[256]
  first 12: ['-0.0101318', '0.00387573', '-0.00909424', '0.00787354', '-0.0071106', '0.0189209', '0.0178223', '0.0119019', '0.00588989', '0.0168457', '0.0098877', '0.0148926']
  n=256 min=-0.111328 max=0.0198975 mean=-4.16115e-06 median=0.00737
  note: MTP BF16
