==============================================================================
探针 1：KDA 线性注意力（真实 config 维度）
==============================================================================
[1.1] KDA 层参数张量（真实维度）
      q_proj.weight              (8192, 4096)  33,554,432
      k_proj.weight              (8192, 4096)  33,554,432
      v_proj.weight              (8192, 4096)  33,554,432
      conv1d.weight              (24576, 1, 4)      98,304
      forget_gate.dt_bias        (8192,)       8,192
      forget_gate.A_log          (64,)          64
      forget_gate.f_a_proj.weight (128, 4096)     524,288
      forget_gate.f_b_proj.weight (8192, 128)   1,048,576
      b_proj.weight              (64, 4096)     262,144
      g_a_proj.weight            (128, 4096)     524,288
      g_b_proj.weight            (8192, 128)   1,048,576
      o_norm.weight              (128,)         128
      o_proj.weight              (4096, 8192)  33,554,432
      合计 137,732,288 参数 = 137.73 M
[1.2] 派生维度：qkv_dim = num_heads*head_dim = 64*128 = 8192
      conv_dim = qkv_dim*3 = 24576（q/k/v 拼成一路做 depthwise conv）
      conv1d.weight (24576, 1, 4)  groups=24576
      checkpoint 中拆为 q/k/v_conv1d 各 [8192,1,4] → 合计 [24576,1,4] = (24576, 1, 4)  一致=True
==============================================================================
1.3 遗忘门（forget gate）取值范围
==============================================================================
      safe_gate_lower_bound = -5.0  (config.linear_attn_config.gate_lower_bound)
      → 走 safe 分支：g = lower_bound * sigmoid(exp(A_log) * (f_b(f_a(x)) + dt_bias))
      g.shape = (1, 16, 64, 128)  (B, S, num_heads, head_dim) → 逐头逐通道独立衰减
      g 范围 [-4.019433, -0.841495]，全部 < 0 = True
      递推里用的是 g.exp()，即衰减因子范围 [0.017963, 0.431065] ⊂ (0,1)
      A_log=0,dt_bias=0 时理论值 = lower_bound*sigmoid(0) = -5.0*0.5 = -2.5；实测均值 = -2.500885
      衰减因子理论 exp(-2.5) = 0.082085
==============================================================================
1.4 delta rule 递推公式核对（手算 vs 官方 recurrent kernel）
==============================================================================
      官方 kernel 输出 vs 手算最大绝对误差 = 0.000e+00
      终态最大绝对误差 = 0.000e+00
      注：q 在 kernel 内乘 scale = 1/sqrt(head_dim) = 0.500000；k 只做 l2norm 不乘 scale
==============================================================================
1.5 chunk 并行实现 与 recurrent 串行实现的等价性
==============================================================================
      S=   1  输出误差=1.490e-08  终态误差=0.000e+00  (chunk_size=64, pad=63)
      S=   7  输出误差=5.960e-08  终态误差=1.192e-07  (chunk_size=64, pad=57)
      S=  64  输出误差=2.384e-07  终态误差=3.874e-07  (chunk_size=64, pad=0)
      S=  65  输出误差=8.941e-07  终态误差=3.576e-07  (chunk_size=64, pad=63)
      S= 130  输出误差=7.153e-07  终态误差=3.874e-07  (chunk_size=64, pad=62)
==============================================================================
1.6 KDA 循环状态尺寸（线性注意力的核心性质）
==============================================================================
      单层单序列状态 = [num_heads, head_dim, head_dim] = [64, 128, 128] = 1,048,576 个元素
      官方 update_recurrent_state 存 float32 → 4.00 MiB / 层 / 序列
      另有 conv 状态 = [conv_dim, kernel-1] = [24576, 3] = 73,728 个元素
      全模型 KDA 层数 = 34 → 状态合计 136.00 MiB / 序列，与序列长度无关
==============================================================================
1.7 KDA 层完整前向（prefill 后接 decode，检查形状与数值健康）
==============================================================================
      prefill  输入 (1, 12, 4096) → 输出 (1, 12, 4096)  finite=True
      循环状态 (1, 64, 128, 128) dtype=torch.float32；conv 状态 (1, 24576, 3)
      decode 1  输出 (1, 1, 4096)  finite=True  状态 shape 不变=True
      decode 2  输出 (1, 1, 4096)  finite=True  状态 shape 不变=True
      decode 3  输出 (1, 1, 4096)  finite=True  状态 shape 不变=True
