==============================================================================
探针 8：混合架构在长上下文下的实际收益
==============================================================================
      层数 45 = KDA 34 + DSA 11（比例 34:11 ≈ 3:1，4 层一循环）
      KDA 每层每序列：循环状态 64*128*128 = 1,048,576 元素 @fp32 = 4.00 MiB
                      conv 状态 24576*4 = 98,304 元素 @bf16 = 0.19 MiB
      DSA 每层每 token：MLA 潜向量 512+0 = 512
                        indexer packed 128*2+1 = 257
                        合计 769 元素 @bf16 = 1.502 KiB
==============================================================================
8.1 KV/状态占用随上下文长度变化
==============================================================================
      KDA 侧常数开销 = 142.38 MiB（与长度无关）

            上下文         真实混合       假想全DSA       节省    KDA占比
          4,096      0.204GiB      0.264GiB   22.89%   68.30%
         32,768      0.655GiB      2.112GiB   68.97%   21.22%
        131,072      2.204GiB      8.448GiB   73.91%    6.31%
        262,144      4.269GiB     16.897GiB   74.73%    3.26%
      1,048,576     16.661GiB     67.588GiB   75.35%    0.83%
      注：长度越大，KDA 的常数开销占比越低，节省比例趋近 75.6%（= 1 - 11/45）
      max_position_embeddings = 1,048,576（1M）
      交叉点：S = kda_const / ((45-11)*769*2) = 2855 token
        S 小于该值时混合架构反而更占内存
      对照：若只算 MLA 潜向量（漏掉 indexer 缓存），交叉点会被高估为 4288 token
==============================================================================
8.2 DSA indexer 的打分量与稀疏命中（k-pool 压缩）
==============================================================================
      index_topk=2048  index_kpool=4  select_k = topk//kpool = 512 池
      always_select_tail=True → 输出宽度 2051

              S      候选池数     实选池    覆盖token       注意力稀疏度       打分量 vs 稠密
          1,024       256     256      1,024     100.000%           25.0%
          2,048       512     512      2,048     100.000%           25.0%
          4,096     1,024     512      2,048      50.000%           25.0%
         16,384     4,096     512      2,048      12.500%           25.0%
        131,072    32,768     512      2,048       1.562%           25.0%
      1,048,576   262,144     512      2,048       0.195%           25.0%
      → 两层节省叠加：① 打分只在池级别做，量降到 1/4；
        ② 真正参与 softmax 注意力的 key 有 2048 的硬上限（+尾巴），
        S=1M 时注意力计算量相当于 2048/1048576 = 0.195% 的稠密注意力
==============================================================================
8.3 三种架构配置对比（S=131072，1 个序列）
==============================================================================
                          配置         线性部分         常数部分          合计
                   45 层全 DSA      8.448GiB      0.000GiB     8.448GiB
                             └ 长上下文 KV 全部线性增长
                   45 层全 KDA      0.000GiB      0.184GiB     0.184GiB
                             └ KV 恒定，但无精确长程检索能力
          真实：KDA 34 + DSA 11      2.065GiB      0.139GiB     2.204GiB
                             └ 3/4 层常数状态 + 1/4 层稀疏精确检索
==============================================================================
8.4 位置信息来源（全模型无 RoPE）
==============================================================================
      qk_rope_head_dim = 0  mla_use_nope = True
      configuration_glm5_next.py validate_architecture()：qk_rope_head_dim > 0 直接 raise
      Glm5NextTextModel.forward L1486：position_embeddings=None 传给每一层
      → 45 层文本主干没有任何位置编码运算。位置信息的两个来源：
        ① KDA 层的因果递推：状态按 g 逐 token 衰减，天然带顺序
        ② KDA 层的 depthwise conv1d（kernel=4）：提供局部相对位置
        ③ DSA 层本身位置无关，依赖上游 KDA 层已注入的位置信息
      视觉塔另有独立 RoPE（Glm5NextVisionRotaryEmbedding，theta=10000，2D h/w 位置）
      推论（本页标注为推断）：KDA 层承担位置编码职责，是 34:11 这个比例以及 layer 0 就是 KDA 的结构约束来源之一
