[0] 张量总数 = 76108
[1] 命名空间分布: {'text.layers': 75758, 'lm_head.weight': 1, 'text.other': 2, 'visual': 347}
[2] 出现的层号: min=0 max=45 count=46
    config.num_hidden_layers = 45, num_nextn_predict_layers = 1
    超出主干的层号(MTP): [45]
[3] 权重实测 KDA 层=0 DSA 层=11; config 声明 Counter({'linear_attention': 34, 'deepseek_sparse_attention': 11}); 冲突=[(0, 'linear_attention', False, False), (1, 'linear_attention', False, False), (2, 'linear_attention', False, False), (4, 'linear_attention', False, False), (5, 'linear_attention', False, False), (6, 'linear_attention', False, False), (8, 'linear_attention', False, False), (9, 'linear_attention', False, False), (10, 'linear_attention', False, False), (12, 'linear_attention', False, False), (13, 'linear_attention', False, False), (14, 'linear_attention', False, False), (16, 'linear_attention', False, False), (17, 'linear_attention', False, False), (18, 'linear_attention', False, False), (20, 'linear_attention', False, False), (21, 'linear_attention', False, False), (22, 'linear_attention', False, False), (24, 'linear_attention', False, False), (25, 'linear_attention', False, False), (26, 'linear_attention', False, False), (28, 'linear_attention', False, False), (29, 'linear_attention', False, False), (30, 'linear_attention', False, False), (32, 'linear_attention', False, False), (33, 'linear_attention', False, False), (34, 'linear_attention', False, False), (36, 'linear_attention', False, False), (37, 'linear_attention', False, False), (38, 'linear_attention', False, False), (40, 'linear_attention', False, False), (41, 'linear_attention', False, False), (42, 'linear_attention', False, False), (44, 'linear_attention', False, False)]
[4] 实测带 indexer 的层=[3, 7, 11, 15, 19, 23, 27, 31, 35, 39, 43]
    config 推导应带 indexer 的层=[3, 7, 11, 15, 19, 23, 27, 31, 35, 39, 43]  一致=True
[5] attn_hc.fn 层数=0 shape集合=set()
[5] ffn_hc.fn 层数=0 shape集合=set()
    源码 mix=(2+hc_mult)*hc_mult = (2+4)*4 = 24; fn 期望 shape=[24, 16384]
[6] 带 routed experts 的层=43  层号=[3, 4, 5, 6, 7, 8]...[43, 44, 45]
    每层专家数集合={288}; config.n_routed_experts=288
    config sparse 层数=42 主干实测=42 一致=True
    实测 dense MLP 层=[0, 1, 2]; config first_k_dense_replace=3
[7] 关键张量 shape:
    model.language_model.embed_tokens.weight: shape=[154880, 4096] dtype=BF16
    lm_head.weight: shape=[154880, 4096] dtype=BF16
    model.language_model.layers.0.self_attn.q_proj.weight: shape=[8192, 4096] dtype=BF16
    model.language_model.layers.0.self_attn.conv1d.weight: (缺失)
    model.language_model.layers.0.self_attn.forget_gate.A_log: (缺失)
    model.language_model.layers.0.self_attn.forget_gate.dt_bias: (缺失)
    model.language_model.layers.0.self_attn.b_proj.weight: shape=[64, 4096] dtype=BF16
    model.language_model.layers.0.attn_hc.fn: (缺失)
    model.language_model.layers.0.attn_hc.base: (缺失)
    model.language_model.layers.0.attn_hc.scale: (缺失)
    model.language_model.layers.3.self_attn.q_a_proj.weight: shape=[1536, 4096] dtype=F8_E4M3
    model.language_model.layers.3.self_attn.q_b_proj.weight: shape=[16384, 1536] dtype=F8_E4M3
    model.language_model.layers.3.self_attn.kv_a_proj_with_mqa.weight: shape=[512, 4096] dtype=F8_E4M3
    model.language_model.layers.3.self_attn.kv_b_proj.weight: shape=[32768, 512] dtype=BF16
    model.language_model.layers.3.self_attn.o_proj.weight: shape=[4096, 16384] dtype=F8_E4M3
    model.language_model.layers.3.self_attn.indexer.wq_b.weight: shape=[4096, 1536] dtype=BF16
    model.language_model.layers.3.self_attn.indexer.wk.weight: shape=[128, 4096] dtype=BF16
    model.language_model.layers.3.self_attn.indexer.weights_proj.weight: shape=[32, 4096] dtype=BF16
    model.language_model.layers.3.self_attn.indexer.index_kpool_compress_ape: shape=[4, 128] dtype=BF16
    model.language_model.layers.3.self_attn.indexer.index_kpool_compress_gate: shape=[128, 4096] dtype=BF16
    model.language_model.layers.3.mlp.gate.weight: shape=[288, 4096] dtype=BF16
    model.language_model.layers.3.mlp.gate.e_score_correction_bias: shape=[288] dtype=F32
    model.language_model.layers.3.mlp.experts.0.gate_proj.weight: shape=[2048, 4096] dtype=F8_E4M3
    model.language_model.layers.3.mlp.experts.0.down_proj.weight: shape=[4096, 2048] dtype=F8_E4M3
    model.language_model.layers.3.mlp.shared_experts.gate_proj.weight: shape=[2048, 4096] dtype=F8_E4M3
    model.visual.patch_embed.proj.weight: shape=[1024, 3, 2, 14, 14] dtype=BF16
    model.visual.downsample.weight: shape=[4096, 1024, 2, 2] dtype=BF16
    model.visual.merger.gate_proj.weight: shape=[10240, 4096] dtype=BF16
[8] dtype 分布: {'F32': 37629, 'BF16': 1141, 'F8_E4M3': 37338}
    weight_scale_inv 张量数=37338; quantization_config.weight_block_size=[128, 128]
[9] MTP 层(45) 独有模块:
    仅 MTP 有: ['eh_proj.weight', 'enorm.weight', 'hnorm.weight', 'self_attn.indexer.index_kpool_compress_ape', 'self_attn.indexer.index_kpool_compress_gate', 'self_attn.indexer.k_norm.bias', 'self_attn.indexer.k_norm.weight', 'self_attn.indexer.weights_proj.weight', 'self_attn.indexer.wk.weight', 'self_attn.indexer.wq_b.weight', 'self_attn.kv_a_layernorm.weight', 'self_attn.kv_a_proj_with_mqa.weight', 'self_attn.kv_a_proj_with_mqa.weight_scale_inv', 'self_attn.kv_b_proj.weight', 'self_attn.o_proj.weight_scale_inv', 'self_attn.q_a_layernorm.weight', 'self_attn.q_a_proj.weight', 'self_attn.q_a_proj.weight_scale_inv', 'self_attn.q_b_proj.weight', 'self_attn.q_b_proj.weight_scale_inv', 'shared_head.norm.weight']
    MTP 缺少(相比 44 层): ['hc_attn_base', 'hc_attn_fn', 'hc_attn_scale', 'hc_ffn_base', 'hc_ffn_fn', 'hc_ffn_scale', 'self_attn.A_log', 'self_attn.b_proj.weight', 'self_attn.dt_bias', 'self_attn.f_a_proj.weight']
[10] 参数量合计 = 321,323,031,390  (321.32 B)
     routed_experts             304,405,807,104  94.74%
     mtp(layer45)                 7,432,592,416   2.31%
     attn(kda+mla)                5,974,765,952   1.86%
     embed+lm_head                1,268,776,960   0.39%
     shared_expert                1,056,964,608   0.33%
     visual                         563,627,008   0.18%
     other(norms/dense mlp)         538,306,750   0.17%
     dsa_indexer                     82,190,592   0.03%
     index.json metadata.total_size = 328,326,771,576 字节(磁盘)
