=== 参数量分组 (scale 张量不计) ===
backbone_attn      5,126,564,864  (5.1266B, 355 tensors)
backbone_hc           39,323,760  (0.0393B, 240 tensors)
backbone_moe     545,076,049,920  (545.0760B, 46320 tensors)
backbone_norm            409,600  (0.0004B, 80 tensors)
embed_head         1,323,827,200  (1.3238B, 2 tensors)
engram           196,928,504,320  (196.9285B, 8 tensors)
mtp               14,225,362,530  (14.2254B, 1224 tensors)
vision               485,268,480  (0.4853B, 266 tensors)
TOTAL            763,205,310,674  (763.2053B)
unassigned: 1 ['norm.weight']

backbone (含 embed/head, 不含 vision/engram/mtp): 551,566,175,344 = 551.5662B
engram: 196,928,504,320 = 196.9285B
vision: 485,268,480 = 0.4853B
mtp(dspark): 14,225,362,530 = 14.2254B

=== 形状核对 (期望 vs 实际) ===
ok    embed.weight: [129280, 5120] BF16
ok    head.weight: [129280, 5120] BF16
ok    layers.0.attn.wq_a.weight: [1280, 5120] F8_E4M3
ok    layers.0.attn.wq_b.weight: [32768, 1280] F8_E4M3
ok    layers.0.attn.wkv.weight: [512, 5120] F8_E4M3
ok    layers.0.attn.wo_a.weight: [8192, 4096] F8_E4M3
ok    layers.0.attn.wo_b.weight: [5120, 8192] F8_E4M3
ok    layers.0.attn.attn_sink: [64] F32
ok    layers.0.ffn.gate.weight: [384, 5120] BF16
ok    layers.0.ffn.gate.bias: [384] F32
ok    layers.0.ffn.gate.bias_vl: [384] F32
ok    layers.0.ffn.experts.0.w1.weight: [2304, 2560] I8
ok    layers.0.ffn.experts.0.w2.weight: [5120, 1152] I8
ok    layers.0.ffn.experts.0.w1.scale: [2304, 160] F8_E8M0
ok    layers.0.ffn.shared_experts.w1.weight: [2304, 5120] F8_E4M3
ok    layers.0.hc_attn_fn: [24, 20480] F32
ok    layers.0.hc_attn_base: [24] F32
ok    layers.0.hc_attn_scale: [3] F32
ok    layers.2.attn.compressor.wkv.weight: [512, 5120] BF16
ok    layers.2.attn.compressor.wgate.weight: [512, 5120] BF16
ok    layers.2.attn.indexer.wk.weight: [128, 512] BF16
ok    layers.2.attn.indexer.wq_b.weight: [4096, 1280] F8_E4M3
ok    layers.2.attn.indexer.weights_proj.weight: [32, 5120] BF16
ok    layers.20.attn.compressor.wkv.weight: [512, 5120] BF16
layer20 compressor.wgate 存在? False (期望 False: ratio 1 无门控)
ok    layers.1.engram.embed.weight: [384006168, 256] F8_E4M3
ok    layers.14.engram.embed.weight: [384016682, 256] F8_E4M3
ok    layers.1.engram.embed.scale: [384006168, 8] F8_E8M0
ok    layers.1.engram.wkv.weight: [25600, 6144] F8_E4M3
ok    layers.1.engram.q_weight: [4, 5120] BF16
ok    mtp.0.main_proj.weight: [5120, 15360] F8_E4M3
ok    mtp.2.markov_head.embed.weight: [129280, 256] BF16
ok    mtp.2.markov_head.head.weight: [129280, 256] BF16
ok    mtp.2.confidence_head.proj.weight: [1, 5376] BF16
ok    mtp.0.ffn.experts.0.w1.weight: [2304, 2560] I8
ok    vision.patch_embed.proj.weight: [1024, 588] BF16
ok    vision.blocks.0.attn.wqkv.weight: [3072, 1024] BF16
ok    vision.blocks.0.mlp.w1.weight: [5632, 1024] BF16
ok    aligner.w1.weight: [5120, 9216] BF16
ok    aligner.w2.weight: [5120, 5120] BF16

核对失败 0 项

=== 模块层分布 (张量存在性 vs config) ===
compressor 层: [2, 8, 14, 20] (期望 [2, 8, 14, 20] = kv_source_layer_ids)
wgate 层: [2, 8, 14] (期望 [2, 8, 14]: ratio>1 才有门控)
indexer(wq_b) 层: [2, 8, 14, 20, 24, 28, 32, 36] (期望 [2, 8, 14, 20, 24, 28, 32, 36] = index_source_layer_ids)
indexer.wk 层: [2, 8, 14, 20] (期望 [2, 8, 14, 20]: owns_k)
engram 层: [1, 14] (期望 [1, 14])

=== 每 token 激活参数 ===
encoder 注意力参数 (0-19): 2.5645B
decoder 注意力参数 (20-39): 2.5621B
全部 MoE 参数 (40 层): 545.0760B
单层激活专家参数 (6 路由 + 1 共享): 0.247726B
