========== (1) 取证: layer 2 indexer 读到的 index_k 属于谁 ==========
  decode 段 (start_pos>=8) 的 layer2 indexer 读 cache 情况:
    step 8: latent None? True  读到自己的 cache? False  读到的行0首4值 ['-1.0000', '-0.5000', '-1.0000', '+0.0000']
    step 8: latent None? False  读到自己的 cache? True  读到的行0首4值 ['-1.0000', '-0.5000', '-1.0000', '+0.0000']
    step 9: latent None? False  读到自己的 cache? True  读到的行0首4值 ['-1.0000', '-0.5000', '-1.0000', '+0.0000']
    step 9: latent None? False  读到自己的 cache? True  读到的行0首4值 ['-2.0000', '-0.7500', '-1.5000', '+0.2500']
    step 10: latent None? True  读到自己的 cache? False  读到的行0首4值 ['-1.0000', '-0.5000', '-1.0000', '+0.0000']
    step 10: latent None? False  读到自己的 cache? True  读到的行0首4值 ['-1.0000', '-0.5000', '-1.0000', '+0.0000']
    step 11: latent None? False  读到自己的 cache? True  读到的行0首4值 ['-1.0000', '-0.5000', '-1.0000', '+0.0000']
    step 11: latent None? False  读到自己的 cache? True  读到的行0首4值 ['-2.0000', '-0.7500', '-1.5000', '+0.2500']
    step 12: latent None? True  读到自己的 cache? False  读到的行0首4值 ['-1.0000', '-0.5000', '-1.0000', '+0.0000']
    step 12: latent None? False  读到自己的 cache? True  读到的行0首4值 ['-1.0000', '-0.5000', '-1.0000', '+0.0000']
    step 13: latent None? False  读到自己的 cache? True  读到的行0首4值 ['-1.0000', '-0.5000', '-1.0000', '+0.0000']
    step 13: latent None? False  读到自己的 cache? True  读到的行0首4值 ['-2.0000', '-0.7500', '-1.5000', '+0.2500']
    step 14: latent None? True  读到自己的 cache? False  读到的行0首4值 ['-1.0000', '-0.5000', '-1.0000', '+0.0000']
    step 14: latent None? False  读到自己的 cache? True  读到的行0首4值 ['-1.0000', '-0.5000', '-1.0000', '+0.0000']
    step 15: latent None? False  读到自己的 cache? True  读到的行0首4值 ['-1.0000', '-0.5000', '-1.0000', '+0.0000']
    step 15: latent None? False  读到自己的 cache? True  读到的行0首4值 ['-2.0000', '-0.7500', '-1.5000', '+0.2500']
  layer2 自己的 k_cache 行0 首4值: ['-2.0000', '-0.7500', '-1.5000', '+0.2500']
  layer4 的 k_cache 行0 首4值: ['-1.0000', '-0.5000', '-1.0000', '+0.0000']

========== (2) 修正后 bf16 ==========
  layer 0: max 0.000e+00, 有差位置数 0
  layer 1: max 0.000e+00, 有差位置数 0
  layer 2: max 5.005e-03, 有差位置数 1
  layer 3: max 7.454e-03, 有差位置数 4
  layer 4: max 1.001e-02, 有差位置数 5
  layer 5: max 1.038e-02, 有差位置数 5
  layer 6: max 1.062e-02, 有差位置数 5

========== (3) 修正 + fp32 ==========
  layer 0: max 1.490e-08, 有差位置数 16
  layer 1: max 2.980e-08, 有差位置数 16
  layer 2: max 2.235e-08, 有差位置数 16
  layer 3: max 2.235e-08, 有差位置数 16
  layer 4: max 2.235e-08, 有差位置数 16
  layer 5: max 2.980e-08, 有差位置数 16
  layer 6: max 2.980e-08, 有差位置数 16
