=== layer 2 indexer 分数对比 (prefill16 vs prefill8+decode8) ===

-- query pos 8 --
   A prefill : compress_len=8 槽数=8
   B decode  : compress_len=4 槽数=4
   A scores: ['-9.704590e-03', '+1.208496e-02', '+9.033203e-03', '+1.098633e-02', '-3.662109e-03', '+1.153564e-02', '+4.974365e-03', '+1.843262e-02']
   B scores: ['+2.258301e-03', '+2.014160e-03', '+4.516602e-03', '-2.563477e-03']
   A idxs(归一化前): [16, 17, 18, 19]
   B idxs(归一化前): [4, 5, 6, 7]
   分数共同前缀最大差: 1.355e-02
   A 第4/第5名间隔: +1.098633e-02 vs +9.033203e-03 (gap 1.953e-03)
   A 可达候选中恰为 0 的个数: 0/8
   B 可达候选中恰为 0 的个数: 0/4

-- query pos 9 --
   A prefill : compress_len=8 槽数=8
   B decode  : compress_len=5 槽数=5
   A scores: ['+9.826660e-03', '+1.623535e-02', '+3.616333e-03', '-3.395081e-04', '+7.202148e-03', '+1.031494e-02', '+5.874634e-04', '-6.942749e-04']
   B scores: ['+9.826660e-03', '+1.623535e-02', '+3.616333e-03', '-3.395081e-04', '+7.202148e-03']
   A idxs(归一化前): [16, 17, 18, 20]
   B idxs(归一化前): [4, 5, 6, 8]
   分数共同前缀最大差: 0.000e+00
   A 第4/第5名间隔: +7.202148e-03 vs +3.616333e-03 (gap 3.586e-03)
   A 可达候选中恰为 0 的个数: 0/8
   B 第4/第5名间隔: +3.616333e-03 vs -3.395081e-04 (gap 3.967e-03)
   B 可达候选中恰为 0 的个数: 0/5

-- query pos 10 --
   A prefill : compress_len=8 槽数=8
   B decode  : compress_len=5 槽数=5
   A scores: ['+0.000000e+00', '+2.670288e-03', '-7.720947e-03', '-4.425049e-03', '-5.493164e-03', '-7.354736e-03', '-2.526855e-02', '+2.288818e-03']
   B scores: ['+7.476807e-03', '-2.258301e-03', '-7.232666e-03', '-9.277344e-03', '+1.904297e-02']
   A idxs(归一化前): [16, 17, 19, 20]
   B idxs(归一化前): [4, 5, 6, 8]
   分数共同前缀最大差: 2.454e-02
   A 第4/第5名间隔: -4.425049e-03 vs -5.493164e-03 (gap 1.068e-03)
   A 可达候选中恰为 0 的个数: 1/8
   B 第4/第5名间隔: -7.232666e-03 vs -9.277344e-03 (gap 2.045e-03)
   B 可达候选中恰为 0 的个数: 0/5

-- query pos 11 --
   A prefill : compress_len=8 槽数=8
   B decode  : compress_len=6 槽数=6
   A scores: ['+0.000000e+00', '+0.000000e+00', '+1.928711e-02', '-9.994507e-04', '+1.266479e-03', '+1.266479e-03', '+7.629395e-06', '-7.507324e-03']
   B scores: ['+0.000000e+00', '+0.000000e+00', '+1.928711e-02', '-9.994507e-04', '+1.266479e-03', '+1.266479e-03']
   A idxs(归一化前): [16, 18, 20, 21]
   B idxs(归一化前): [5, 6, 8, 9]
   分数共同前缀最大差: 0.000e+00
   A 第4/第5名间隔: +7.629395e-06 vs +0.000000e+00 (gap 7.629e-06)
   A 可达候选中恰为 0 的个数: 2/8
   B 第4/第5名间隔: +0.000000e+00 vs +0.000000e+00 (gap 0.000e+00)
   B 可达候选中恰为 0 的个数: 2/6

-- query pos 12 --
   A prefill : compress_len=8 槽数=8
   B decode  : compress_len=6 槽数=6
   A scores: ['+8.422852e-03', '-6.561279e-03', '+1.220703e-03', '+2.929688e-03', '-3.372192e-03', '+4.455566e-03', '+1.019287e-02', '+1.452637e-02']
   B scores: ['+1.579285e-03', '+3.555298e-03', '+0.000000e+00', '+2.899170e-04', '+5.950928e-03', '-1.220703e-03']
   A idxs(归一化前): [16, 18, 19, 21]
   B idxs(归一化前): [4, 5, 7, 8]
   分数共同前缀最大差: 1.013e-02
   A 第4/第5名间隔: +4.455566e-03 vs +2.929688e-03 (gap 1.526e-03)
   A 可达候选中恰为 0 的个数: 0/8
   B 第4/第5名间隔: +2.899170e-04 vs +0.000000e+00 (gap 2.899e-04)
   B 可达候选中恰为 0 的个数: 1/6

-- query pos 13 --
   A prefill : compress_len=8 槽数=8
   B decode  : compress_len=7 槽数=7
   A scores: ['+1.519775e-02', '+2.246094e-02', '+9.826660e-03', '+2.270508e-02', '+1.617432e-03', '+1.831055e-02', '-1.106262e-03', '+1.220703e-03']
   B scores: ['+1.519775e-02', '+2.246094e-02', '+9.826660e-03', '+2.270508e-02', '+1.617432e-03', '+1.831055e-02', '-1.106262e-03']
   A idxs(归一化前): [16, 17, 19, 21]
   B idxs(归一化前): [4, 5, 7, 9]
   分数共同前缀最大差: 0.000e+00
   A 第4/第5名间隔: +1.519775e-02 vs +9.826660e-03 (gap 5.371e-03)
   A 可达候选中恰为 0 的个数: 0/8
   B 第4/第5名间隔: +1.519775e-02 vs +9.826660e-03 (gap 5.371e-03)
   B 可达候选中恰为 0 的个数: 0/7

-- query pos 14 --
   A prefill : compress_len=8 槽数=8
   B decode  : compress_len=7 槽数=7
   A scores: ['-4.215240e-04', '-1.031494e-02', '+6.469727e-03', '+9.338379e-03', '+1.086426e-02', '-1.458740e-02', '-3.234863e-03', '+0.000000e+00']
   B scores: ['+2.148438e-02', '-1.202393e-02', '+9.582520e-03', '-1.177979e-02', '+0.000000e+00', '+1.538086e-02', '+7.568359e-03']
   A idxs(归一化前): [16, 18, 19, 20]
   B idxs(归一化前): [4, 6, 9, 10]
   分数共同前缀最大差: 3.003e-02
   A 第4/第5名间隔: +0.000000e+00 vs -4.215240e-04 (gap 4.215e-04)
   A 可达候选中恰为 0 的个数: 1/8
   B 第4/第5名间隔: +7.568359e-03 vs +0.000000e+00 (gap 7.568e-03)
   B 可达候选中恰为 0 的个数: 1/7

-- query pos 15 --
   A prefill : compress_len=8 槽数=8
   B decode  : compress_len=8 槽数=8
   A scores: ['-1.031494e-02', '-4.760742e-02', '-4.174805e-02', '+0.000000e+00', '-1.220703e-02', '-5.279541e-03', '-3.710938e-02', '+0.000000e+00']
   B scores: ['-1.031494e-02', '-4.760742e-02', '-4.174805e-02', '+0.000000e+00', '-1.220703e-02', '-5.279541e-03', '-3.710938e-02', '+0.000000e+00']
   A idxs(归一化前): [16, 19, 21, 23]
   B idxs(归一化前): [4, 7, 9, 11]
   分数逐位最大差: 0.000e+00
   A 第4/第5名间隔: -1.031494e-02 vs -1.220703e-02 (gap 1.892e-03)
   A 可达候选中恰为 0 的个数: 2/8
   B 第4/第5名间隔: -1.031494e-02 vs -1.220703e-02 (gap 1.892e-03)
   B 可达候选中恰为 0 的个数: 2/8
