/Users/wendadawen/Library/Python/3.9/lib/python/site-packages/urllib3/__init__.py:35: NotOpenSSLWarning: urllib3 v2 only supports OpenSSL 1.1.1+, currently the 'ssl' module is compiled with 'LibreSSL 2.8.3'. See: https://github.com/urllib3/urllib3/issues/3020
  warnings.warn(
[E0 bf16 基线]
  逐层 diff (位置数>0 的层):
    layer 2: 4 个位置有差, 首个 pos 10, max 8.850e-03 (pos 14)
    layer 3: 6 个位置有差, 首个 pos 10, max 1.620e-02 (pos 14)
    layer 4: 6 个位置有差, 首个 pos 10, max 1.526e-02 (pos 14)
    layer 5: 6 个位置有差, 首个 pos 10, max 1.373e-02 (pos 14)
    layer 6: 6 个位置有差, 首个 pos 10, max 1.819e-02 (pos 14)
  首个非零差异: (2, 10)
  缓存逐位对比:
    win0: max 0.000e+00, 不一致元素 0/128
    win1: max 0.000e+00, 不一致元素 0/128
    win2: max 0.000e+00, 不一致元素 0/128
    ckv2: max 0.000e+00, 不一致元素 0/1024
    kvstate2: max 5.846e-01, 不一致元素 64/64
    scstate2: max inf, 不一致元素 64/64
    ik2: max 0.000e+00, 不一致元素 0/2048
    win3: max 5.312e-01, 不一致元素 51/128
    win4: max 5.000e-01, 不一致元素 73/128
    ckv4: max 5.625e-01, 不一致元素 112/2048
    ik4: max 5.000e-01, 不一致元素 88/4096
    win5: max 5.000e-01, 不一致元素 95/128
    win6: max 5.625e-01, 不一致元素 92/128
  topk 选择对比 (归一化后):
    layer 2: 4 个位置选择不同 -> [(10, [0, 1, 3, 4], [0, 1, 2, 4]), (11, [0, 2, 4, 5], [1, 2, 4, 5]), (12, [0, 2, 3, 5], [0, 1, 3, 4]), (14, [0, 2, 3, 4], [0, 2, 5, 6])]
    layer 4: 3 个位置选择不同 -> [(12, [0, 2, 9, 12], [0, 1, 9, 12]), (14, [0, 1, 9, 10], [0, 1, 2, 9]), (15, [1, 7, 11, 13], [1, 7, 11, 15])]
    layer 5: 全部 16 个位置选择一致
  decode 路径两次重复 max diff: 0.000e+00

[E1 去量化对照]
  逐层 diff (位置数>0 的层):
    layer 2: 3 个位置有差, 首个 pos 10, max 9.186e-03 (pos 14)
    layer 3: 6 个位置有差, 首个 pos 10, max 1.523e-02 (pos 14)
    layer 4: 6 个位置有差, 首个 pos 10, max 1.414e-02 (pos 14)
    layer 5: 6 个位置有差, 首个 pos 10, max 1.419e-02 (pos 14)
    layer 6: 6 个位置有差, 首个 pos 10, max 1.721e-02 (pos 14)
  首个非零差异: (2, 10)
  缓存逐位对比:
    win0: max 0.000e+00, 不一致元素 0/128
    win1: max 0.000e+00, 不一致元素 0/128
    win2: max 0.000e+00, 不一致元素 0/128
    ckv2: max 0.000e+00, 不一致元素 0/1024
    kvstate2: max 5.921e-01, 不一致元素 64/64
    scstate2: max inf, 不一致元素 64/64
    ik2: max 0.000e+00, 不一致元素 0/2048
    win3: max 5.234e-01, 不一致元素 62/128
    win4: max 5.039e-01, 不一致元素 120/128
    ckv4: max 3.750e-01, 不一致元素 177/2048
    ik4: max 5.781e-01, 不一致元素 341/4096
    win5: max 5.273e-01, 不一致元素 126/128
    win6: max 4.189e-01, 不一致元素 128/128
  topk 选择对比 (归一化后):
    layer 2: 3 个位置选择不同 -> [(10, [0, 1, 2, 3], [0, 1, 2, 4]), (12, [0, 2, 3, 5], [0, 1, 3, 4]), (14, [0, 2, 3, 4], [0, 2, 5, 6])]
    layer 4: 2 个位置选择不同 -> [(12, [0, 2, 9, 12], [0, 1, 9, 12]), (15, [7, 10, 11, 13], [7, 11, 13, 15])]
    layer 5: 全部 16 个位置选择一致
  decode 路径两次重复 max diff: 0.000e+00

[E2 fp32 对照 (量化保留)]
  逐层 diff (位置数>0 的层):
    layer 0: 16 个位置有差, 首个 pos 0, max 1.490e-08 (pos 9)
    layer 1: 16 个位置有差, 首个 pos 0, max 2.980e-08 (pos 8)
    layer 2: 16 个位置有差, 首个 pos 0, max 8.929e-03 (pos 14)
    layer 3: 16 个位置有差, 首个 pos 0, max 1.636e-02 (pos 14)
    layer 4: 16 个位置有差, 首个 pos 0, max 1.465e-02 (pos 14)
    layer 5: 16 个位置有差, 首个 pos 0, max 1.568e-02 (pos 14)
    layer 6: 16 个位置有差, 首个 pos 0, max 1.689e-02 (pos 10)
  首个非零差异: (0, 0)
  缓存逐位对比:
    win0: max 0.000e+00, 不一致元素 0/128
    win1: max 0.000e+00, 不一致元素 0/128
    win2: max 0.000e+00, 不一致元素 0/128
    ckv2: max 0.000e+00, 不一致元素 0/1024
    kvstate2: max 5.878e-01, 不一致元素 64/64
    scstate2: max inf, 不一致元素 64/64
    ik2: max 0.000e+00, 不一致元素 0/2048
    win3: max 5.000e-01, 不一致元素 46/128
    win4: max 5.000e-01, 不一致元素 71/128
    ckv4: max 5.625e-01, 不一致元素 95/2048
    ik4: max 5.000e-01, 不一致元素 86/4096
    win5: max 5.000e-01, 不一致元素 97/128
    win6: max 5.078e-01, 不一致元素 94/128
  topk 选择对比 (归一化后):
    layer 2: 3 个位置选择不同 -> [(10, [0, 1, 3, 4], [0, 1, 2, 4]), (12, [0, 2, 3, 5], [0, 1, 2, 4]), (14, [0, 2, 3, 4], [0, 2, 5, 6])]
    layer 4: 4 个位置选择不同 -> [(10, [1, 2, 3, 4], [1, 2, 4, 5]), (12, [2, 3, 9, 12], [0, 3, 9, 12]), (14, [0, 1, 9, 10], [0, 1, 3, 9]), (15, [1, 7, 11, 13], [1, 7, 11, 15])]
    layer 5: 1 个位置选择不同 -> [(10, [1, 2, 3, 10], [0, 1, 3, 10])]
  decode 路径两次重复 max diff: 0.000e+00

