
===== layer2 indexer, query pos 8 =====
  x       A [+3.085938e-01, +8.242188e-01, -9.062500e-01, +5.117188e-01]  B [+3.085938e-01, +8.242188e-01, -9.062500e-01, +5.117188e-01]  差 0.000e+00
  qr      A [-9.804688e-01, -3.320312e-01, -4.414062e-01, -4.433594e-01]  B [-9.804688e-01, -3.320312e-01, -4.414062e-01, -4.433594e-01]  差 0.000e+00
  q[h0]   A [-5.371094e-02, -8.251953e-02, -6.835938e-02, +9.082031e-02]  B [-5.371094e-02, -8.251953e-02, -6.835938e-02, +9.082031e-02]  差 0.000e+00
  w       A [+9.338379e-03, -8.728027e-03, -2.456665e-03, +1.330566e-02]  B [+9.338379e-03, -8.728027e-03, -2.456665e-03, +1.330566e-02]  差 0.000e+00
  k[0]    A [-2.000000e+00, -7.500000e-01, -1.500000e+00, +2.500000e-01]  B [-1.000000e+00, -5.000000e-01, -1.000000e+00, +0.000000e+00]  差 3.250e+00
  index_k 行数 A 8  B 4
  latent  A tensor  B None
  idxs    A [[[-1, -1, -1, -1], [16, -1, -1, -1], [16, -1, -1, -1], [16, 17, -1, -1], [16, 17, -1, -1], [16, 17, 18, -1], [16, 17, 18, -1], [16, 17, 18, 19], [16, 17, 18, 19], [16, 17, 18, 20], [16, 17, 19, 20], [16, 18, 20, 21], [16, 18, 19, 21], [16, 17, 19, 21], [16, 18, 19, 20], [16, 19, 21, 23]]]  B [[[4, 5, 6, 7]]]

===== layer2 indexer, query pos 9 =====
  x       A [-3.789062e-01, +1.806641e-01, -7.890625e-01, -5.898438e-01]  B [-3.789062e-01, +1.806641e-01, -7.890625e-01, -5.898438e-01]  差 0.000e+00
  qr      A [+8.007812e-02, +1.859375e+00, +7.343750e-01, +3.632812e-01]  B [+8.007812e-02, +1.859375e+00, +7.343750e-01, +3.632812e-01]  差 0.000e+00
  q[h0]   A [+6.005859e-02, -1.489258e-02, +1.787109e-01, -1.748047e-01]  B [+6.005859e-02, -1.489258e-02, +1.787109e-01, -1.748047e-01]  差 0.000e+00
  w       A [+8.117676e-03, +7.324219e-03, -3.356934e-03, +8.056641e-03]  B [+8.117676e-03, +7.324219e-03, -3.356934e-03, +8.056641e-03]  差 0.000e+00
  k[0]    A [-2.000000e+00, -7.500000e-01, -1.500000e+00, +2.500000e-01]  B [-2.000000e+00, -7.500000e-01, -1.500000e+00, +2.500000e-01]  差 0.000e+00
  index_k 行数 A 8  B 5
  latent  A tensor  B tensor
  idxs    A [[[-1, -1, -1, -1], [16, -1, -1, -1], [16, -1, -1, -1], [16, 17, -1, -1], [16, 17, -1, -1], [16, 17, 18, -1], [16, 17, 18, -1], [16, 17, 18, 19], [16, 17, 18, 19], [16, 17, 18, 20], [16, 17, 19, 20], [16, 18, 20, 21], [16, 18, 19, 21], [16, 17, 19, 21], [16, 18, 19, 20], [16, 19, 21, 23]]]  B [[[4, 5, 6, 8]]]

===== layer2 indexer, query pos 10 =====
  x       A [+1.679688e+00, +8.085938e-01, +4.648438e-01, -4.570312e-01]  B [+1.679688e+00, +8.085938e-01, +4.648438e-01, -4.570312e-01]  差 0.000e+00
  qr      A [-1.390625e+00, +2.640625e+00, +1.257812e+00, -1.492188e+00]  B [-1.390625e+00, +2.640625e+00, +1.257812e+00, -1.492188e+00]  差 0.000e+00
  q[h0]   A [+2.753906e-01, -4.760742e-02, -4.791260e-03, +8.300781e-02]  B [+2.753906e-01, -4.760742e-02, -4.791260e-03, +8.300781e-02]  差 0.000e+00
  w       A [+1.110840e-02, -6.866455e-03, -1.495361e-02, +4.638672e-03]  B [+1.110840e-02, -6.866455e-03, -1.495361e-02, +4.638672e-03]  差 0.000e+00
  k[0]    A [-2.000000e+00, -7.500000e-01, -1.500000e+00, +2.500000e-01]  B [-1.000000e+00, -5.000000e-01, -1.000000e+00, +0.000000e+00]  差 3.250e+00
  index_k 行数 A 8  B 5
  latent  A tensor  B None
  idxs    A [[[-1, -1, -1, -1], [16, -1, -1, -1], [16, -1, -1, -1], [16, 17, -1, -1], [16, 17, -1, -1], [16, 17, 18, -1], [16, 17, 18, -1], [16, 17, 18, 19], [16, 17, 18, 19], [16, 17, 18, 20], [16, 17, 19, 20], [16, 18, 20, 21], [16, 18, 19, 21], [16, 17, 19, 21], [16, 18, 19, 20], [16, 19, 21, 23]]]  B [[[4, 5, 6, 8]]]

===== layer2 indexer, query pos 11 =====
  x       A [-1.085938e+00, +3.222656e-01, -3.881836e-02, -1.851562e+00]  B [-1.085938e+00, +3.222656e-01, -3.881836e-02, -1.851562e+00]  差 0.000e+00
  qr      A [+5.737305e-02, +1.375000e+00, +1.437500e+00, -4.609375e-01]  B [+5.737305e-02, +1.375000e+00, +1.437500e+00, -4.609375e-01]  差 0.000e+00
  q[h0]   A [+1.679688e-01, +1.379395e-02, +1.328125e-01, +7.861328e-02]  B [+1.679688e-01, +1.379395e-02, +1.328125e-01, +7.861328e-02]  差 0.000e+00
  w       A [+5.065918e-03, +8.544922e-03, -8.239746e-03, +1.000977e-02]  B [+5.065918e-03, +8.544922e-03, -8.239746e-03, +1.000977e-02]  差 0.000e+00
  k[0]    A [-2.000000e+00, -7.500000e-01, -1.500000e+00, +2.500000e-01]  B [-2.000000e+00, -7.500000e-01, -1.500000e+00, +2.500000e-01]  差 0.000e+00
  index_k 行数 A 8  B 6
  latent  A tensor  B tensor
  idxs    A [[[-1, -1, -1, -1], [16, -1, -1, -1], [16, -1, -1, -1], [16, 17, -1, -1], [16, 17, -1, -1], [16, 17, 18, -1], [16, 17, 18, -1], [16, 17, 18, 19], [16, 17, 18, 19], [16, 17, 18, 20], [16, 17, 19, 20], [16, 18, 20, 21], [16, 18, 19, 21], [16, 17, 19, 21], [16, 18, 19, 20], [16, 19, 21, 23]]]  B [[[5, 6, 8, 9]]]

===== layer2 indexer, query pos 12 =====
  x       A [+1.296875e+00, +7.226562e-01, +4.804688e-01, +3.710938e-01]  B [+1.296875e+00, +7.226562e-01, +4.804688e-01, +3.710938e-01]  差 0.000e+00
  qr      A [+6.640625e-01, -8.945312e-01, +1.632812e+00, -3.984375e-01]  B [+6.640625e-01, -8.945312e-01, +1.632812e+00, -3.984375e-01]  差 0.000e+00
  q[h0]   A [+1.230469e-01, -9.228516e-02, +9.346008e-04, +4.418945e-02]  B [+1.230469e-01, -9.228516e-02, +9.346008e-04, +4.418945e-02]  差 0.000e+00
  w       A [+9.643555e-03, +6.774902e-03, -3.005981e-03, -4.028320e-03]  B [+9.643555e-03, +6.774902e-03, -3.005981e-03, -4.028320e-03]  差 0.000e+00
  k[0]    A [-2.000000e+00, -7.500000e-01, -1.500000e+00, +2.500000e-01]  B [-1.000000e+00, -5.000000e-01, -1.000000e+00, +0.000000e+00]  差 3.250e+00
  index_k 行数 A 8  B 6
  latent  A tensor  B None
  idxs    A [[[-1, -1, -1, -1], [16, -1, -1, -1], [16, -1, -1, -1], [16, 17, -1, -1], [16, 17, -1, -1], [16, 17, 18, -1], [16, 17, 18, -1], [16, 17, 18, 19], [16, 17, 18, 19], [16, 17, 18, 20], [16, 17, 19, 20], [16, 18, 20, 21], [16, 18, 19, 21], [16, 17, 19, 21], [16, 18, 19, 20], [16, 19, 21, 23]]]  B [[[4, 5, 7, 8]]]
