---- 原样 (不修) ----

=== 原样 ===
  layer 0: max 0.000e+00, 有差位置数 0
  layer 1: max 0.000e+00, 有差位置数 0
  layer 2: max 8.850e-03, 有差位置数 4
  layer 3: max 1.620e-02, 有差位置数 6
  layer 4: max 1.526e-02, 有差位置数 6
  layer 5: max 1.373e-02, 有差位置数 6
  layer 6: max 1.819e-02, 有差位置数 6
  -> 存在差异
  indexer.k_cache layer 2: max 0.000e+00, 不一致 0/2048
  indexer.k_cache layer 4: max 5.000e-01, 不一致 88/4096

---- 修正后 (owner 无条件发布) ----

=== 修正 ===
  layer 0: max 0.000e+00, 有差位置数 0
  layer 1: max 0.000e+00, 有差位置数 0
  layer 2: max 5.005e-03, 有差位置数 1
  layer 3: max 7.454e-03, 有差位置数 4
  layer 4: max 1.001e-02, 有差位置数 5
  layer 5: max 1.038e-02, 有差位置数 5
  layer 6: max 1.062e-02, 有差位置数 5
  -> 存在差异
  indexer.k_cache layer 2: max 0.000e+00, 不一致 0/2048
  indexer.k_cache layer 4: max 5.000e-01, 不一致 7/4096
