tokenizer vocab: 129280
compressed vocab size: 99092 (config 期望 99092: True )
原始词表大小: 129280 -> 压缩比: 1.3046
抽样 token ids: {' The': [455], 'the': [1805], 'THE': [20852]}
' The'/'the'/'THE' 同压缩 id: True

layers: (1, 14) n-gram 阶数: 3 每阶头数: 8
总桶数: 48 (期望 2 层 x 3 阶 x 8 头 = 48)
全部素数互不相同: True
最小素数: 16000057 >= engram_vocab_size-1 = 15999999 : True
layer 1: 24 素数之和 = 384006168 == engram_num_embeddings[0] = 384006168: True
  2-gram 桶: [16000057, 16000079, 16000081, 16000097, 16000121, 16000129, 16000133, 16000183]
  3-gram 桶: [16000189, 16000207, 16000211, 16000253, 16000277, 16000289, 16000307, 16000321]
  4-gram 桶: [16000339, 16000381, 16000393, 16000399, 16000403, 16000409, 16000447, 16000463]
layer 14: 24 素数之和 = 384016682 == engram_num_embeddings[1] = 384016682: True
  2-gram 桶: [16000477, 16000487, 16000499, 16000507, 16000511, 16000573, 16000609, 16000627]
  3-gram 桶: [16000667, 16000669, 16000693, 16000697, 16000711, 16000729, 16000759, 16000769]
  4-gram 桶: [16000781, 16000799, 16000813, 16000819, 16000841, 16000877, 16000879, 16000889]

multipliers shape: (2, 4) (期望 (2, 4): 每层每 lookback 一个)
multipliers: [[76632096046245, 4839876093313, 35959672319349, 73987337458391], [67716810739261, 51510806800915, 30921347202721, 82619226485591]]
全部为奇数: True
乘子上界核对: max = 82619226485591 <= 2*bound-1 = 93078876567781 : True
不溢出 int64: max*compressed_vocab = 8186904390910183372 < 2^63-1 : True
种子规则核对: layer 1 种子 10007, layer 14 种子 140098 -> 两层乘子不同: True

pad_id (压缩后): 2 = token_map[2]: 2
hash ids shape: (1, 5, 2, 24) (期望 [1, L, 2 层, 24 桶])
最大 hash id: 382792050 < 表大小: True
位置 0 的三个桶 (层 1): [4004934, 31368071, 45554744, 63423802, 75481124, 85167957, 98074130, 126926562] ...
位置 1 为 DEAD 后, 位置 2 的 hash 是否变化: True (n-gram 跨越 DEAD -> pad)
