模型构建完成: n_layers = 7 + mtp 2
输入: 16 个 token (不含图像 span)
路径 A (整段 prefill): head 输入 (1, 16, 64) logits (1, 129280)
路径 B (prefill 8 + decode 8): head 输入 (1, 9, 64)
hidden 最大绝对差: 6.210938e-01
hidden 最大相对差: 1.771508e+01
hidden 平均绝对差: 7.231752e-02
NaN/Inf: False
hidden 尺度 (abs mean/max): 0.8037 / 2.7188
注: 该差异已在 debug_consistency3~7 中定位到根因 —— 官方 Indexer 的
    shared_attn.index_k 发布时机 (model.py L537-548 挂在 latent is not None 分支,
    而 L554 无条件读), 使 ratio>1 的 kv_source 层在组未满的解码步读到别的层的 index 键;
    修掉后 bf16 残差降到量化噪声级 (5e-3), fp32 下全部层降到 1e-8 纯累加序差异.
逐位置 top-1 token 一致率: 1.0
形状已存 ckpt/mini_shapes.json, 模块数: 285

--- DSpark ---
prefill forward_spec 返回 None: True
decode 步 main_hidden: (1, 1, 128) (期望 [1, 1, 3*dim])
draft_ids: (1, 4) draft_logits: (1, 3, 129280) confidence: (1, 3)
draft_ids[0]: [78349, 33305, 40987, 57272] (第 0 个 = 输入 token)
confidence[0]: ['0.0016', '-0.0066', '-0.0040']
confidence 无 NaN: True

--- Vision ---
encode_image(3x3 patch 网格): (1, 64) (期望 [1, 64]: 3x3 unshuffle -> 1 token)
encode_image(3x6 patch 网格): (2, 64) (期望 [2, 64])
vision 输出无 NaN: True
