层表 (ratio / 组件 / 模式 / 共享):
 layer ratio compr index owns_k cand_src use_cand  模式   compress_kv 来源
     0     0 False False   None     None     None      SWA   读到的 cache 属于层 None
     1     0 False False   None     None     None      SWA   读到的 cache 属于层 None
     2     2  True  True   True    False    False     Full   读到的 cache 属于层 2
     3     2 False False   None     None     None    Reuse   读到的 cache 属于层 2
     4     2 False False   None     None     None    Reuse   读到的 cache 属于层 2
     5     2 False False   None     None     None    Reuse   读到的 cache 属于层 2
     6     2 False False   None     None     None    Reuse   读到的 cache 属于层 2
     7     2 False False   None     None     None    Reuse   读到的 cache 属于层 2
     8     2  True  True   True    False    False     Full   读到的 cache 属于层 8
     9     2 False False   None     None     None    Reuse   读到的 cache 属于层 8
    10     2 False False   None     None     None    Reuse   读到的 cache 属于层 8
    11     2 False False   None     None     None    Reuse   读到的 cache 属于层 8
    12     2 False False   None     None     None    Reuse   读到的 cache 属于层 8
    13     2 False False   None     None     None    Reuse   读到的 cache 属于层 8
    14     2  True  True   True    False    False     Full   读到的 cache 属于层 14
    15     2 False False   None     None     None    Reuse   读到的 cache 属于层 14
    16     2 False False   None     None     None    Reuse   读到的 cache 属于层 14
    17     2 False False   None     None     None    Reuse   读到的 cache 属于层 14
    18     2 False False   None     None     None    Reuse   读到的 cache 属于层 14
    19     2 False False   None     None     None    Reuse   读到的 cache 属于层 14
    20     1  True  True   True     True    False     Full   读到的 cache 属于层 20
    21     1 False False   None     None     None    Reuse   读到的 cache 属于层 20
    22     1 False False   None     None     None    Reuse   读到的 cache 属于层 20
    23     1 False False   None     None     None    Reuse   读到的 cache 属于层 20
    24     1 False  True  False    False     True  Reindex   读到的 cache 属于层 20
    25     1 False False   None     None     None    Reuse   读到的 cache 属于层 20
    26     1 False False   None     None     None    Reuse   读到的 cache 属于层 20
    27     1 False False   None     None     None    Reuse   读到的 cache 属于层 20
    28     1 False  True  False    False     True  Reindex   读到的 cache 属于层 20
    29     1 False False   None     None     None    Reuse   读到的 cache 属于层 20
    30     1 False False   None     None     None    Reuse   读到的 cache 属于层 20
    31     1 False False   None     None     None    Reuse   读到的 cache 属于层 20
    32     1 False  True  False    False     True  Reindex   读到的 cache 属于层 20
    33     1 False False   None     None     None    Reuse   读到的 cache 属于层 20
    34     1 False False   None     None     None    Reuse   读到的 cache 属于层 20
    35     1 False False   None     None     None    Reuse   读到的 cache 属于层 20
    36     1 False  True  False    False     True  Reindex   读到的 cache 属于层 20
    37     1 False False   None     None     None    Reuse   读到的 cache 属于层 20
    38     1 False False   None     None     None    Reuse   读到的 cache 属于层 20
    39     1 False False   None     None     None    Reuse   读到的 cache 属于层 20

模式计数: {'SWA': 2, 'Full': 4, 'Reuse': 30, 'Reindex': 4}
Full    = [2, 8, 14, 20]   (config: kv_source ∩ index_source = [2, 8, 14, 20])
Reindex = [24, 28, 32, 36] (config: index_source ∖ kv_source = [24, 28, 32, 36])
Reuse   = [3, 4, 5, 6, 7, 9, 10, 11, 12, 13, 15, 16, 17, 18, 19, 21, 22, 23, 25, 26, 27, 29, 30, 31, 33, 34, 35, 37, 38, 39]
SWA     = [0, 1]

[5] 跨层共享 (运行期 cache 归属):
    每个压缩层读到的 cache 都来自其组内 source 层: True  (不符: [])
    源层读到自己刚发布的 cache: True
    层 2 的 cache 被层 2-7 共享 (6 层)
    层 8 的 cache 被层 8-13 共享 (6 层)
    层 14 的 cache 被层 14-19 共享 (6 层)
    层 20 的 cache 被层 20-39 共享 (20 层)

[6] 候选池: 建池层 = 20 ; 池内搜索的层 = [24, 28, 32, 36]
    候选池形状 (运行后): (1, 64, 64)
    candidate_topk_blocks=2048 × block_size=8 = 16384 个候选位置 (报告: 16384)
