rope_head_dim=64 base=10000 compress_base=160000 original_seq_len=65536 factor=16 beta_fast=32 beta_slow=1

[3] original_seq_len * factor = 1048576, max_position_embeddings = 1048576
    一致 ✓ (YaRN 把训练窗口 65536 按 factor=16 扩到 1M)

--- 全局 KV 层 (ratio>0): base=160000 YaRN=开 ---
  独立重实现 vs 官方 precompute_freqs_cis 逐元素最大差: 7.451e-09
  low=15 high=25; 频率不变 16 维, 线性斜坡 9 维, 全额除以 factor 7 维
  首维 (i=0) 频率 1.000000e+00 (= base^-2/dim 原值 6.876560e-01)
  末维 (i=31) 频率 5.680529e-07, 原值 9.088846e-06, 比值 0.0625

--- SWA 层 (ratio=0): base=10000 YaRN=关 ---
  独立重实现 vs 官方 precompute_freqs_cis 逐元素最大差: 1.490e-08
  YaRN 关闭时 = base^(-2i/dim) 原式, 无任何斜坡 (逐元素差 1.490e-08)

[4] YaRN 注意力缩放 (0.1*ln(factor)+1):
    代码中出现 'mscale': False
    代码中出现 '0.1 * math.log': False
    代码中出现 '0.1*math.log': False
    代码中出现 'log(factor)': False

[6] apply_rotary_emb 只改最后 64 维: 前缀未变=True, 尾部已变=True
    正旋转后再逆旋转复原: 最大差 2.384e-07

[7] freqs_cis[p] 的相位 == p * 频率 (独立重实现) 对所有抽查 p 成立: True (最大差 3.782e-07)
    组 j 取 freqs_cis[j*ratio] -> 相位 = (j*ratio)*频率, 即该压缩条目被放在位置 j*ratio
    decode 侧: 组填满步 p 用 freqs_cis[p+1-ratio], 与组首 token 位置一致: True []
    代码依据: Indexer.forward L539-543 / Attention._compress_kv L753-757
