=== 各层注意力参数量 ===
  层  0: attn   126.62M  (纯 SWA，无压缩器)
  层  1: attn   126.62M  (纯 SWA，无压缩器)
  层  2: attn   137.33M  (含压缩器 + 索引器)
  层  3: attn   126.62M
  层  4: attn   126.62M
  层  5: attn   126.62M
  层  6: attn   126.62M
  层  7: attn   126.62M
  层  8: attn   137.33M  (含压缩器 + 索引器)
  层  9: attn   126.62M
  层 10: attn   126.62M
  层 11: attn   126.62M
  层 12: attn   126.62M
  层 13: attn   126.62M
  层 14: attn   137.33M  (含压缩器 + 索引器)
  层 15: attn   126.62M
  层 16: attn   126.62M
  层 17: attn   126.62M
  层 18: attn   126.62M
  层 19: attn   126.62M
  层 20: attn   134.71M  (含压缩器 + 索引器)
  层 21: attn   126.62M
  层 22: attn   126.62M
  层 23: attn   126.62M
  层 24: attn   132.02M  (含压缩器 + 索引器)
  层 25: attn   126.62M
  层 26: attn   126.62M
  层 27: attn   126.62M
  层 28: attn   132.02M  (含压缩器 + 索引器)
  层 29: attn   126.62M
  层 30: attn   126.62M
  层 31: attn   126.62M
  层 32: attn   132.02M  (含压缩器 + 索引器)
  层 33: attn   126.62M
  层 34: attn   126.62M
  层 35: attn   126.62M
  层 36: attn   132.02M  (含压缩器 + 索引器)
  层 37: attn   126.62M
  层 38: attn   126.62M
  层 39: attn   126.62M

=== Engram 张量分解 ===
  层  1: engram_dense   157.33M  engram_embed 98305.58M
  层 14: engram_dense   157.33M  engram_embed 98308.27M
  编码器 (层 0-19) engram_dense 合计: 314.65M

=== 两半栈的注意力差异 ===
  编码器 20 层 attn 合计: 2564.50M
  解码器 20 层 attn 合计: 2562.07M
  解码器 - 编码器 attn 差: -2.43M

=== 差额核对 ===
  编码器半栈 - 解码器半栈 = +317.10M
  其中 编码器 engram_dense        = +314.65M
  其中 解码器多出的 attention     = +2.43M
  其余组件（MoE/gate/hc/norm 的逐层差异） = +0.02M
