=== 顶层 ===
  embed.weight                       [129280, 5120]         BF16
  head.weight                        [129280, 5120]         BF16
  engram_hash.0                      None                   None
  engram_hash.1                      None                   None

=== 层 0 的全部张量 ===
  ttn.attn_sink                            [64]                     F32
  ttn.kv_norm.weight                       [512]                    BF16
  ttn.q_norm.weight                        [1280]                   BF16
  ttn.wkv.scale                            [16, 160]                F8_E8M0
  ttn.wkv.weight                           [512, 5120]              F8_E4M3
  ttn.wo_a.scale                           [256, 128]               F8_E8M0
  ttn.wo_a.weight                          [8192, 4096]             F8_E4M3
  ttn.wo_b.scale                           [160, 256]               F8_E8M0
  ttn.wo_b.weight                          [5120, 8192]             F8_E4M3
  ttn.wq_a.scale                           [40, 160]                F8_E8M0
  ttn.wq_a.weight                          [1280, 5120]             F8_E4M3
  ttn.wq_b.scale                           [1024, 40]               F8_E8M0
  ttn.wq_b.weight                          [32768, 1280]            F8_E4M3
  ttn_norm.weight                          [5120]                   BF16
  fn.gate.bias                             [384]                    F32
  fn.gate.bias_vl                          [384]                    F32
  fn.gate.weight                           [384, 5120]              BF16
  fn.shared_experts.w1.scale               [72, 160]                F8_E8M0
  fn.shared_experts.w1.weight              [2304, 5120]             F8_E4M3
  fn.shared_experts.w2.scale               [160, 72]                F8_E8M0
  fn.shared_experts.w2.weight              [5120, 2304]             F8_E4M3
  fn.shared_experts.w3.scale               [72, 160]                F8_E8M0
  fn.shared_experts.w3.weight              [2304, 5120]             F8_E4M3
  fn_norm.weight                           [5120]                   BF16
  c_attn_base                              [24]                     F32
  c_attn_fn                                [24, 20480]              F32
  c_attn_scale                             [3]                      F32
  c_ffn_base                               [24]                     F32
  c_ffn_fn                                 [24, 20480]              F32
  c_ffn_scale                              [3]                      F32

=== 各层 attn 参数量分组（按模块归并） ===
  层号   attn(M)   ffn(M)    hc(M)   其他(M)
    0     126.74  14051.61     0.00   0.010
    1     126.74  14051.61     0.00   0.010
    2     137.46  14051.61     0.00   0.010
   14     137.46  14051.61     0.00   0.010
   20     134.84  14051.61     0.00   0.010
   24     132.15  14051.61     0.00   0.010
   39     126.74  14051.61     0.00   0.010

=== MTP 块 0 的张量 ===
  attn.attn_sink                           [64]                     F32
  attn.kv_norm.weight                      [512]                    BF16
  attn.q_norm.weight                       [1280]                   BF16
  attn.wkv.scale                           [16, 160]                F8_E8M0
  attn.wkv.weight                          [512, 5120]              F8_E4M3
  attn.wo_a.scale                          [256, 128]               F8_E8M0
  attn.wo_a.weight                         [8192, 4096]             F8_E4M3
  attn.wo_b.scale                          [160, 256]               F8_E8M0
  attn.wo_b.weight                         [5120, 8192]             F8_E4M3
  attn.wq_a.scale                          [40, 160]                F8_E8M0
  attn.wq_a.weight                         [1280, 5120]             F8_E4M3
  attn.wq_b.scale                          [1024, 40]               F8_E8M0
  attn.wq_b.weight                         [32768, 1280]            F8_E4M3
  attn_norm.weight                         [5120]                   BF16
  ffn.gate.bias                            [128]                    F32
  ffn.gate.bias_vl                         [128]                    F32
  ffn.gate.weight                          [128, 5120]              BF16
  ffn.shared_experts.w1.scale              [72, 160]                F8_E8M0
  ffn.shared_experts.w1.weight             [2304, 5120]             F8_E4M3
  ffn.shared_experts.w2.scale              [160, 72]                F8_E8M0
  ffn.shared_experts.w2.weight             [5120, 2304]             F8_E4M3
  ffn.shared_experts.w3.scale              [72, 160]                F8_E8M0
  ffn.shared_experts.w3.weight             [2304, 5120]             F8_E4M3
  ffn_norm.weight                          [5120]                   BF16
  hc_attn_base                             [24]                     F32
  hc_attn_fn                               [24, 20480]              F32
  hc_attn_scale                            [3]                      F32
  hc_ffn_base                              [24]                     F32
  hc_ffn_fn                                [24, 20480]              F32
  hc_ffn_scale                             [3]                      F32
  main_norm.weight                         [5120]                   BF16
  main_proj.scale                          [160, 480]               F8_E8M0
  main_proj.weight                         [5120, 15360]            F8_E4M3

=== 关键配置 ===
  dim                    = 5120
  n_layers               = 40
  n_heads                = 64
  head_dim               = 512
  rope_head_dim          = 64
  q_lora_rank            = 1280
  o_groups               = 8
  o_lora_rank            = 1024
  window_size            = 128
  index_n_heads          = 32
  index_head_dim         = 128
  index_topk             = 512
  n_routed_experts       = 384
  n_activated_experts    = 6
  moe_inter_dim          = 2304
  hc_mult                = 4
  vocab_size             = 129280
  vision_n_layers        = 32
  vision_dim             = 1024
  vision_patch_size      = 14
